[gambolthemes.net/workwise_demo/HTML/index.html]
[backblue.gif]
[fade.gif]
[index.html]
[gambolthemes.net/workwise_demo/HTML/index-2.html]
[gambolthemes.net/workwise_demo/HTML/images/logo.png]
[gambolthemes.net/workwise_demo/HTML/images/icon1.png]
[gambolthemes.net/workwise_demo/HTML/companies.html]
[gambolthemes.net/workwise_demo/HTML/images/icon2.png]
[gambolthemes.net/workwise_demo/HTML/projects.html]
[gambolthemes.net/workwise_demo/HTML/images/icon3.png]
[gambolthemes.net/workwise_demo/HTML/profiles.html]
[gambolthemes.net/workwise_demo/HTML/images/icon4.png]
[gambolthemes.net/workwise_demo/HTML/user-profile.html]
[gambolthemes.net/workwise_demo/HTML/my-profile-feed.html]
[gambolthemes.net/workwise_demo/HTML/jobs.html]
[gambolthemes.net/workwise_demo/HTML/images/icon5.png]
[gambolthemes.net/workwise_demo/HTML/images/icon6.png]
[gambolthemes.net/workwise_demo/HTML/images/resources/ny-img1.png]
[gambolthemes.net/workwise_demo/HTML/messages.html]
[gambolthemes.net/workwise_demo/HTML/images/resources/ny-img2.png]
[gambolthemes.net/workwise_demo/HTML/images/resources/ny-img3.png]
[gambolthemes.net/workwise_demo/HTML/images/icon7.png]
[gambolthemes.net/workwise_demo/HTML/images/resources/user.png]
[gambolthemes.net/workwise_demo/HTML/profile-account-setting.html]
[gambolthemes.net/workwise_demo/HTML/images/resources/user-pic.png]
[gambolthemes.net/workwise_demo/HTML/images/resources/s1.png]
[gambolthemes.net/workwise_demo/HTML/images/resources/s2.png]
[gambolthemes.net/workwise_demo/HTML/images/resources/s3.png]
[gambolthemes.net/workwise_demo/HTML/images/resources/s4.png]
[gambolthemes.net/workwise_demo/HTML/images/resources/s5.png]
[gambolthemes.net/workwise_demo/HTML/images/resources/s6.png]
[gambolthemes.net/workwise_demo/HTML/images/logo2.png]
[gambolthemes.net/workwise_demo/HTML/images/cp.png]
[gambolthemes.net/workwise_demo/HTML/images/resources/us-pic.png]
[gambolthemes.net/workwise_demo/HTML/images/clock.png]
[gambolthemes.net/workwise_demo/HTML/images/icon8.png]
[gambolthemes.net/workwise_demo/HTML/images/icon9.png]
[gambolthemes.net/workwise_demo/HTML/images/liked-img.png]
[gambolthemes.net/workwise_demo/HTML/images/com.png]
[gambolthemes.net/workwise_demo/HTML/images/resources/user1.png]
[gambolthemes.net/workwise_demo/HTML/images/envelop.png]
[gambolthemes.net/workwise_demo/HTML/images/resources/user2.png]
[gambolthemes.net/workwise_demo/HTML/images/resources/user3.png]
[gambolthemes.net/workwise_demo/HTML/images/resources/us-pc2.png]
[gambolthemes.net/workwise_demo/HTML/images/resources/bg-img1.png]
[gambolthemes.net/workwise_demo/HTML/images/resources/bg-img2.png]
[gambolthemes.net/workwise_demo/HTML/images/resources/bg-img3.png]
[gambolthemes.net/workwise_demo/HTML/images/resources/bg-img4.png]
[gambolthemes.net/workwise_demo/HTML/images/process-icon.png]
[gambolthemes.net/workwise_demo/HTML/images/wd-logo.png]
[gambolthemes.net/workwise_demo/HTML/images/resources/usr-img1.png]
[gambolthemes.net/workwise_demo/HTML/images/resources/us-img1.png]
[gambolthemes.net/workwise_demo/HTML/images/resources/usr-img2.png]
[gambolthemes.net/workwise_demo/HTML/images/chat.png]
[gambolthemes.net/workwise_demo/HTML/images/resources/usy1.png]
[gambolthemes.net/workwise_demo/HTML/images/smley.png]
[gambolthemes.net/workwise_demo/HTML/images/resources/usy2.png]
[gambolthemes.net/workwise_demo/HTML/images/resources/usy3.png]
[gambolthemes.net/workwise_demo/HTML/js/jquery.min.js]
[gambolthemes.net/workwise_demo/HTML/js/popper.js]
[gambolthemes.net/workwise_demo/HTML/js/bootstrap.min.js]
[gambolthemes.net/workwise_demo/HTML/js/jquery.mCustomScrollbar.js]
[gambolthemes.net/workwise_demo/HTML/lib/slick/slick.min.js]
[gambolthemes.net/workwise_demo/HTML/js/scrollbar.js]
[gambolthemes.net/workwise_demo/HTML/js/script.js]
[gambolthemes.net/workwise_demo/HTML/index.html]
[gambolthemes.net/workwise_demo/HTML/css/animate.css]
[gambolthemes.net/workwise_demo/HTML/css/bootstrap.min.css]
[gambolthemes.net/workwise_demo/HTML/fonts/line-awesomeeb4f.eot]
[gambolthemes.net/workwise_demo/HTML/fonts/line-awesome0176.eot]
[gambolthemes.net/workwise_demo/HTML/fonts/line-awesomeeb4f.woff2]
[gambolthemes.net/workwise_demo/HTML/fonts/line-awesomeeb4f.woff]
[gambolthemes.net/workwise_demo/HTML/fonts/line-awesomeeb4f.ttf]
[gambolthemes.net/workwise_demo/HTML/css/line-awesome.css]
[gambolthemes.net/workwise_demo/HTML/css/line-awesome-font-awesome.min.css]
[gambolthemes.net/workwise_demo/HTML/fonts/fontawesome-webfont3e6e.eot]
[gambolthemes.net/workwise_demo/HTML/fonts/fontawesome-webfontd41d.eot]
[gambolthemes.net/workwise_demo/HTML/fonts/fontawesome-webfont3e6e.woff2]
[gambolthemes.net/workwise_demo/HTML/fonts/fontawesome-webfont3e6e.woff]
[gambolthemes.net/workwise_demo/HTML/fonts/fontawesome-webfont3e6e.ttf]
[gambolthemes.net/workwise_demo/HTML/css/font-awesome.min.css]
[gambolthemes.net/workwise_demo/HTML/css/jquery.mCustomScrollbar.min.css]
[gambolthemes.net/workwise_demo/HTML/lib/slick/slick.css]
[gambolthemes.net/workwise_demo/HTML/lib/slick/ajax-loader.gif]
[gambolthemes.net/workwise_demo/HTML/lib/slick/fonts/slick.eot]
[gambolthemes.net/workwise_demo/HTML/lib/slick/fonts/slick.woff]
[gambolthemes.net/workwise_demo/HTML/lib/slick/fonts/slickd41d.eot]
[gambolthemes.net/workwise_demo/HTML/lib/slick/fonts/slick.ttf]
[gambolthemes.net/workwise_demo/HTML/lib/slick/slick-theme.css]
[gambolthemes.net/workwise_demo/HTML/css/style.css]
[gambolthemes.net/workwise_demo/HTML/css/responsive.css]
[gambolthemes.net/workwise_demo/HTML/index-2.html]
[gambolthemes.net/workwise_demo/HTML/images/resources/cmp-icon1.png]
[gambolthemes.net/workwise_demo/HTML/images/resources/cmp-icon2.png]
[gambolthemes.net/workwise_demo/HTML/images/resources/cmp-icon3.png]
[gambolthemes.net/workwise_demo/HTML/images/resources/cmp-icon4.png]
[gambolthemes.net/workwise_demo/HTML/images/resources/cmp-icon5.png]
[gambolthemes.net/workwise_demo/HTML/images/resources/cmp-icon6.png]
[gambolthemes.net/workwise_demo/HTML/images/resources/cmp-icon7.png]
[gambolthemes.net/workwise_demo/HTML/images/resources/cmp-icon8.png]
[gambolthemes.net/workwise_demo/HTML/images/resources/cmp-icon9.png]
[gambolthemes.net/workwise_demo/HTML/images/resources/cmp-icon10.png]
[gambolthemes.net/workwise_demo/HTML/images/resources/cmp-icon11.png]
[gambolthemes.net/workwise_demo/HTML/images/resources/cmp-icon12.png]
[gambolthemes.net/workwise_demo/HTML/js/flatpickr.min.js]
[gambolthemes.net/workwise_demo/HTML/companies.html]
[gambolthemes.net/workwise_demo/HTML/js/jquery.range-min.js]
[gambolthemes.net/workwise_demo/HTML/projects.html]
[gambolthemes.net/workwise_demo/HTML/images/resources/pf-icon1.png]
[gambolthemes.net/workwise_demo/HTML/images/resources/pf-icon2.png]
[gambolthemes.net/workwise_demo/HTML/images/resources/pf-icon3.png]
[gambolthemes.net/workwise_demo/HTML/images/resources/pf-icon4.png]
[gambolthemes.net/workwise_demo/HTML/images/resources/pf-icon5.png]
[gambolthemes.net/workwise_demo/HTML/images/resources/pf-icon6.png]
[gambolthemes.net/workwise_demo/HTML/images/resources/pf-icon7.png]
[gambolthemes.net/workwise_demo/HTML/images/resources/pf-icon8.png]
[gambolthemes.net/workwise_demo/HTML/images/resources/pf-icon9.png]
[gambolthemes.net/workwise_demo/HTML/images/resources/pf-icon10.png]
[gambolthemes.net/workwise_demo/HTML/images/resources/pf-icon11.png]
[gambolthemes.net/workwise_demo/HTML/images/resources/pf-icon12.png]
[gambolthemes.net/workwise_demo/HTML/profiles.html]
[gambolthemes.net/workwise_demo/HTML/images/resources/cover-img.jpg]
[gambolthemes.net/workwise_demo/HTML/images/resources/user-pro-img.png]
[gambolthemes.net/workwise_demo/HTML/images/ic1.png]
[gambolthemes.net/workwise_demo/HTML/images/ic2.png]
[gambolthemes.net/workwise_demo/HTML/images/ic3.png]
[gambolthemes.net/workwise_demo/HTML/images/resources/pf-img1.jpg]
[gambolthemes.net/workwise_demo/HTML/images/all-out.png]
[gambolthemes.net/workwise_demo/HTML/images/resources/pf-img2.jpg]
[gambolthemes.net/workwise_demo/HTML/images/resources/pf-img3.jpg]
[gambolthemes.net/workwise_demo/HTML/images/resources/pf-img4.jpg]
[gambolthemes.net/workwise_demo/HTML/images/resources/pf-img5.jpg]
[gambolthemes.net/workwise_demo/HTML/images/resources/pf-img6.jpg]
[gambolthemes.net/workwise_demo/HTML/images/resources/pf-img7.jpg]
[gambolthemes.net/workwise_demo/HTML/images/resources/pf-img8.jpg]
[gambolthemes.net/workwise_demo/HTML/images/resources/pf-img9.jpg]
[gambolthemes.net/workwise_demo/HTML/images/resources/pf-img10.jpg]
[gambolthemes.net/workwise_demo/HTML/images/photo-icon.png]
[gambolthemes.net/workwise_demo/HTML/images/resources/pf-gallery1.png]
[gambolthemes.net/workwise_demo/HTML/images/resources/pf-gallery2.png]
[gambolthemes.net/workwise_demo/HTML/images/resources/pf-gallery3.png]
[gambolthemes.net/workwise_demo/HTML/images/resources/pf-gallery4.png]
[gambolthemes.net/workwise_demo/HTML/images/resources/pf-gallery5.png]
[gambolthemes.net/workwise_demo/HTML/images/resources/pf-gallery6.png]
[gambolthemes.net/workwise_demo/HTML/images/resources/pf-gallery7.png]
[gambolthemes.net/workwise_demo/HTML/images/resources/pf-gallery8.png]
[gambolthemes.net/workwise_demo/HTML/images/resources/pf-gallery9.png]
[gambolthemes.net/workwise_demo/HTML/images/resources/pf-gallery10.png]
[gambolthemes.net/workwise_demo/HTML/images/resources/pf-gallery11.png]
[gambolthemes.net/workwise_demo/HTML/images/resources/pf-gallery12.png]
[gambolthemes.net/workwise_demo/HTML/images/copy-icon2.png]
[gambolthemes.net/workwise_demo/HTML/images/resources/np.png]
[gambolthemes.net/workwise_demo/HTML/user-profile.html]
[gambolthemes.net/workwise_demo/HTML/images/ic4.png]
[gambolthemes.net/workwise_demo/HTML/images/ic5.png]
[gambolthemes.net/workwise_demo/HTML/images/ic6.png]
[gambolthemes.net/workwise_demo/HTML/images/lt-icon.png]
[gambolthemes.net/workwise_demo/HTML/images/dlr-icon.png]
[gambolthemes.net/workwise_demo/HTML/images/cc-icon1.png]
[gambolthemes.net/workwise_demo/HTML/images/cc-icon2.png]
[gambolthemes.net/workwise_demo/HTML/images/cc-icon3.png]
[gambolthemes.net/workwise_demo/HTML/images/cc-icon4.png]
[gambolthemes.net/workwise_demo/HTML/my-profile-feed.html]
[gambolthemes.net/workwise_demo/HTML/jobs.html]
[gambolthemes.net/workwise_demo/HTML/images/resources/m-img1.png]
[gambolthemes.net/workwise_demo/HTML/images/resources/m-img2.png]
[gambolthemes.net/workwise_demo/HTML/images/resources/m-img3.png]
[gambolthemes.net/workwise_demo/HTML/images/resources/m-img4.png]
[gambolthemes.net/workwise_demo/HTML/images/resources/m-img5.png]
[gambolthemes.net/workwise_demo/HTML/images/resources/m-img6.png]
[gambolthemes.net/workwise_demo/HTML/images/resources/m-img7.png]
[gambolthemes.net/workwise_demo/HTML/images/resources/mt-img1.png]
[gambolthemes.net/workwise_demo/HTML/images/resources/mt-img2.png]
[gambolthemes.net/workwise_demo/HTML/images/resources/mt-img3.png]
[gambolthemes.net/workwise_demo/HTML/messages.html]
[gambolthemes.net/workwise_demo/HTML/images/up-btn.png]
[gambolthemes.net/workwise_demo/HTML/images/pro-icon1.png]
[gambolthemes.net/workwise_demo/HTML/images/pro-icon2.png]
[gambolthemes.net/workwise_demo/HTML/images/pro-icon3.png]
[gambolthemes.net/workwise_demo/HTML/images/pro-icon4.png]
[gambolthemes.net/workwise_demo/HTML/images/resources/r-img1.png]
[gambolthemes.net/workwise_demo/HTML/images/resources/r-img2.png]
[gambolthemes.net/workwise_demo/HTML/images/resources/r-img3.png]
[gambolthemes.net/workwise_demo/HTML/images/resources/r-img4.png]
[gambolthemes.net/workwise_demo/HTML/images/resources/r-img5.png]
[gambolthemes.net/workwise_demo/HTML/images/resources/r-img6.png]
[gambolthemes.net/workwise_demo/HTML/profile-account-setting.html]
[gambolthemes.net/workwise_demo/HTML/fonts/line-awesomeeb4f.svg]
[gambolthemes.net/workwise_demo/HTML/fonts/fontawesome-webfont3e6e.svg]
[gambolthemes.net/workwise_demo/HTML/css/mCSB_buttons.html]
[gambolthemes.net/workwise_demo/HTML/lib/slick/fonts/slick.svg]
[gambolthemes.net/workwise_demo/HTML/css/flatpickr.min.css]
[gambolthemes.net/workwise_demo/HTML/css/jquery.range.css]
